 
{
    "id": "1a5abcee-a6da-45ad-a1c9-1dd774519a9c@0.1.0",
    "nodes": {
      "1": {
        "id": 1,
        "data": {
          "code": "let outputs = {};\noutputs[\"Output\"] = {}\nreturn outputs;"
        },
        "inputs": [],
        "outputs": {
          "Output": []
        },
        "type": "Start"
      },
      "3": {
        "id": 3,
        "data": {
          "code": "let outputs = {};\n\nreturn outputs;"
        },
        "inputs": [],
        "outputs": {
          "output1": []
        },
        "type": "General"
      },
      "4": {
        "id": 4,
        "data": {
          "code": "let outputs = {};\n\nreturn outputs;"
        },
        "inputs": [],
        "outputs": {
          "output1": []
        },
        "type": "General"
      }
    }
  }